mode: set
ebpf-edr-demo/internal/config/config.go:57.21,65.32 2 0
ebpf-edr-demo/internal/config/config.go:65.32,66.45 1 0
ebpf-edr-demo/internal/config/config.go:66.45,67.9 1 0
ebpf-edr-demo/internal/config/config.go:68.9,68.33 1 0
ebpf-edr-demo/internal/config/config.go:68.33,70.4 1 0
ebpf-edr-demo/internal/config/config.go:73.2,74.24 2 0
ebpf-edr-demo/internal/config/config.go:74.24,76.3 1 0
ebpf-edr-demo/internal/config/config.go:78.2,84.3 1 0
ebpf-edr-demo/pkg/detector/ancestry_cache.go:44.40,46.2 1 0
ebpf-edr-demo/pkg/detector/ancestry_cache.go:54.37,56.16 2 0
ebpf-edr-demo/pkg/detector/ancestry_cache.go:56.16,59.3 2 0
ebpf-edr-demo/pkg/detector/ancestry_cache.go:60.2,61.32 2 0
ebpf-edr-demo/pkg/detector/ancestry_cache.go:61.32,62.21 1 0
ebpf-edr-demo/pkg/detector/ancestry_cache.go:62.21,63.12 1 0
ebpf-edr-demo/pkg/detector/ancestry_cache.go:65.3,66.17 2 0
ebpf-edr-demo/pkg/detector/ancestry_cache.go:66.17,67.12 1 0
ebpf-edr-demo/pkg/detector/ancestry_cache.go:69.3,71.17 3 0
ebpf-edr-demo/pkg/detector/ancestry_cache.go:71.17,72.12 1 0
ebpf-edr-demo/pkg/detector/ancestry_cache.go:74.3,75.11 2 0
ebpf-edr-demo/pkg/detector/ancestry_cache.go:77.2,77.78 1 0
ebpf-edr-demo/pkg/detector/ancestry_cache.go:81.34,83.16 2 0
ebpf-edr-demo/pkg/detector/ancestry_cache.go:83.16,85.3 1 0
ebpf-edr-demo/pkg/detector/ancestry_cache.go:88.2,88.57 1 0
ebpf-edr-demo/pkg/detector/ancestry_cache.go:88.57,89.39 1 0
ebpf-edr-demo/pkg/detector/ancestry_cache.go:89.39,91.24 2 0
ebpf-edr-demo/pkg/detector/ancestry_cache.go:91.24,92.67 1 0
ebpf-edr-demo/pkg/detector/ancestry_cache.go:92.67,94.6 1 0
ebpf-edr-demo/pkg/detector/ancestry_cache.go:96.4,96.9 1 0
ebpf-edr-demo/pkg/detector/ancestry_cache.go:99.2,99.10 1 0
ebpf-edr-demo/pkg/detector/ancestry_cache.go:105.67,108.42 3 0
ebpf-edr-demo/pkg/detector/ancestry_cache.go:108.42,110.3 1 0
ebpf-edr-demo/pkg/detector/ancestry_cache.go:111.2,112.15 2 0
ebpf-edr-demo/pkg/detector/ancestry_cache.go:116.66,120.8 4 0
ebpf-edr-demo/pkg/detector/ancestry_cache.go:120.8,122.3 1 0
ebpf-edr-demo/pkg/detector/ancestry_cache.go:122.8,124.3 1 0
ebpf-edr-demo/pkg/detector/ancestry_cache.go:125.2,125.14 1 0
ebpf-edr-demo/pkg/detector/ancestry_cache.go:133.33,137.32 4 0
ebpf-edr-demo/pkg/detector/ancestry_cache.go:137.32,138.34 1 0
ebpf-edr-demo/pkg/detector/ancestry_cache.go:138.34,139.12 1 0
ebpf-edr-demo/pkg/detector/ancestry_cache.go:141.3,141.24 1 0
ebpf-edr-demo/pkg/detector/ancestry_cache.go:141.24,144.12 3 0
ebpf-edr-demo/pkg/detector/ancestry_cache.go:146.3,146.25 1 0
ebpf-edr-demo/pkg/detector/ancestry_cache.go:148.2,150.111 3 0
ebpf-edr-demo/pkg/detector/ancestry_cache.go:154.36,157.2 2 0
ebpf-edr-demo/pkg/detector/ancestry_cache.go:160.55,161.32 1 0
ebpf-edr-demo/pkg/detector/ancestry_cache.go:161.32,162.33 1 0
ebpf-edr-demo/pkg/detector/ancestry_cache.go:162.33,164.4 1 0
ebpf-edr-demo/pkg/detector/ancestry_cache.go:173.52,174.94 1 0
ebpf-edr-demo/pkg/detector/ancestry_cache.go:174.94,176.3 1 0
ebpf-edr-demo/pkg/detector/ancestry_cache.go:177.2,177.29 1 0
ebpf-edr-demo/pkg/detector/ancestry_cache.go:177.29,178.42 1 0
ebpf-edr-demo/pkg/detector/ancestry_cache.go:178.42,179.9 1 0
ebpf-edr-demo/pkg/detector/ancestry_cache.go:181.3,181.25 1 0
ebpf-edr-demo/pkg/detector/network_init.go:21.13,29.4 1 0
ebpf-edr-demo/pkg/detector/network_init.go:29.4,32.3 2 0
ebpf-edr-demo/pkg/detector/network_init.go:36.2,36.70 1 0
ebpf-edr-demo/pkg/detector/network_init.go:36.70,37.51 1 0
ebpf-edr-demo/pkg/detector/network_init.go:37.51,40.4 2 0
ebpf-edr-demo/pkg/detector/network_init.go:52.26,53.42 1 0
ebpf-edr-demo/pkg/detector/network_init.go:53.42,54.51 1 0
ebpf-edr-demo/pkg/detector/network_init.go:54.51,56.4 1 0
ebpf-edr-demo/pkg/detector/network_init.go:62.30,66.16 3 0
ebpf-edr-demo/pkg/detector/network_init.go:66.16,68.3 1 0
ebpf-edr-demo/pkg/detector/network_init.go:69.2,72.16 3 0
ebpf-edr-demo/pkg/detector/network_init.go:72.16,75.3 1 0
ebpf-edr-demo/pkg/detector/network_init.go:76.2,78.38 2 0
ebpf-edr-demo/pkg/detector/network_init.go:78.38,80.3 1 0
ebpf-edr-demo/pkg/detector/network_init.go:82.2,83.16 2 0
ebpf-edr-demo/pkg/detector/network_init.go:83.16,85.3 1 0
ebpf-edr-demo/pkg/detector/network_init.go:87.2,88.21 2 0
ebpf-edr-demo/pkg/detector/network_init.go:88.21,90.59 2 0
ebpf-edr-demo/pkg/detector/network_init.go:90.59,94.4 3 0
ebpf-edr-demo/pkg/detector/network_init.go:96.2,96.11 1 0
ebpf-edr-demo/pkg/detector/response.go:20.52,22.2 1 0
ebpf-edr-demo/pkg/detector/response.go:27.79,28.16 1 0
ebpf-edr-demo/pkg/detector/response.go:29.31,31.33 2 0
ebpf-edr-demo/pkg/detector/response.go:32.27,33.19 1 0
ebpf-edr-demo/pkg/detector/response.go:33.19,35.4 1 0
ebpf-edr-demo/pkg/detector/response.go:36.3,36.26 1 0
ebpf-edr-demo/pkg/detector/response.go:39.2,39.25 1 0
ebpf-edr-demo/pkg/detector/response.go:46.34,48.14 2 0
ebpf-edr-demo/pkg/detector/response.go:48.14,50.3 1 0
ebpf-edr-demo/pkg/detector/response.go:51.2,51.59 1 0
ebpf-edr-demo/pkg/detector/response.go:51.59,54.3 2 0
ebpf-edr-demo/pkg/detector/response.go:55.2,55.94 1 0
ebpf-edr-demo/pkg/detector/response.go:74.50,75.25 1 0
ebpf-edr-demo/pkg/detector/response.go:75.25,78.3 2 0
ebpf-edr-demo/pkg/detector/response.go:79.2,80.15 2 0
ebpf-edr-demo/pkg/detector/response.go:80.15,83.3 2 0
ebpf-edr-demo/pkg/detector/response.go:86.2,92.56 4 0
ebpf-edr-demo/pkg/detector/response.go:92.56,95.3 2 0
ebpf-edr-demo/pkg/detector/response.go:96.2,97.13 2 0
ebpf-edr-demo/pkg/detector/response_policy.go:50.63,51.34 1 0
ebpf-edr-demo/pkg/detector/response_policy.go:51.34,52.52 1 0
ebpf-edr-demo/pkg/detector/response_policy.go:52.52,54.4 1 0
ebpf-edr-demo/pkg/detector/response_policy.go:56.2,56.25 1 0
ebpf-edr-demo/pkg/detector/response_policy.go:59.38,61.2 1 0
ebpf-edr-demo/pkg/detector/response_policy.go:63.34,64.11 1 0
ebpf-edr-demo/pkg/detector/response_policy.go:65.22,66.11 1 0
ebpf-edr-demo/pkg/detector/response_policy.go:67.18,68.11 1 0
ebpf-edr-demo/pkg/detector/response_policy.go:69.20,70.11 1 0
ebpf-edr-demo/pkg/detector/response_policy.go:72.2,72.10 1 0
ebpf-edr-demo/pkg/detector/yaml_detector.go:38.55,40.2 1 0
ebpf-edr-demo/pkg/detector/yaml_detector.go:44.92,48.58 3 0
ebpf-edr-demo/pkg/detector/yaml_detector.go:48.58,49.33 1 0
ebpf-edr-demo/pkg/detector/yaml_detector.go:49.33,51.4 1 0
ebpf-edr-demo/pkg/detector/yaml_detector.go:53.2,54.53 2 0
ebpf-edr-demo/pkg/detector/yaml_detector.go:54.53,55.33 1 0
ebpf-edr-demo/pkg/detector/yaml_detector.go:55.33,57.4 1 0
ebpf-edr-demo/pkg/detector/yaml_detector.go:59.2,60.56 2 0
ebpf-edr-demo/pkg/detector/yaml_detector.go:60.56,61.33 1 0
ebpf-edr-demo/pkg/detector/yaml_detector.go:61.33,63.4 1 0
ebpf-edr-demo/pkg/detector/yaml_detector.go:67.2,68.10 2 0
ebpf-edr-demo/pkg/detector/yaml_detector.go:73.79,75.2 1 0
ebpf-edr-demo/pkg/detector/yaml_detector.go:80.59,82.2 1 0
ebpf-edr-demo/pkg/detector/yaml_detector.go:88.71,89.60 1 0
ebpf-edr-demo/pkg/detector/yaml_detector.go:89.60,91.3 1 0
ebpf-edr-demo/pkg/detector/yaml_detector.go:94.2,94.30 1 0
ebpf-edr-demo/pkg/detector/yaml_detector.go:94.30,96.3 1 0
ebpf-edr-demo/pkg/detector/yaml_detector.go:98.2,100.17 2 0
ebpf-edr-demo/pkg/detector/yaml_detector.go:101.33,102.52 1 0
ebpf-edr-demo/pkg/detector/yaml_detector.go:104.30,105.46 1 0
ebpf-edr-demo/pkg/detector/yaml_detector.go:107.29,110.58 3 0
ebpf-edr-demo/pkg/detector/yaml_detector.go:113.2,113.10 1 0
ebpf-edr-demo/pkg/detector/yaml_detector.go:118.61,120.18 2 0
ebpf-edr-demo/pkg/detector/yaml_detector.go:120.18,122.3 1 0
ebpf-edr-demo/pkg/detector/yaml_detector.go:123.2,124.29 2 0
ebpf-edr-demo/pkg/detector/yaml_detector.go:124.29,125.33 1 0
ebpf-edr-demo/pkg/detector/yaml_detector.go:125.33,127.4 1 0
ebpf-edr-demo/pkg/detector/yaml_detector.go:129.2,129.15 1 0
ebpf-edr-demo/pkg/detector/yaml_detector.go:132.73,134.25 2 0
ebpf-edr-demo/pkg/detector/yaml_detector.go:134.25,135.33 1 0
ebpf-edr-demo/pkg/detector/yaml_detector.go:135.33,137.4 1 0
ebpf-edr-demo/pkg/detector/yaml_detector.go:139.2,139.14 1 0
ebpf-edr-demo/pkg/detector/yaml_detector.go:142.66,144.31 2 0
ebpf-edr-demo/pkg/detector/yaml_detector.go:144.31,145.23 1 0
ebpf-edr-demo/pkg/detector/yaml_detector.go:145.23,147.4 1 0
ebpf-edr-demo/pkg/detector/yaml_detector.go:149.2,149.14 1 0
ebpf-edr-demo/pkg/detector/yaml_detector.go:152.60,154.32 2 0
ebpf-edr-demo/pkg/detector/yaml_detector.go:154.32,155.39 1 0
ebpf-edr-demo/pkg/detector/yaml_detector.go:155.39,157.4 1 0
ebpf-edr-demo/pkg/detector/yaml_detector.go:159.2,159.14 1 0
ebpf-edr-demo/pkg/detector/yaml_detector.go:162.56,166.25 3 0
ebpf-edr-demo/pkg/detector/yaml_detector.go:166.25,167.16 1 0
ebpf-edr-demo/pkg/detector/yaml_detector.go:167.16,169.4 1 0
ebpf-edr-demo/pkg/detector/yaml_detector.go:171.2,171.14 1 0
ebpf-edr-demo/pkg/detector/yaml_detector.go:174.52,177.30 2 0
ebpf-edr-demo/pkg/detector/yaml_detector.go:177.30,179.17 2 0
ebpf-edr-demo/pkg/detector/yaml_detector.go:179.17,180.12 1 0
ebpf-edr-demo/pkg/detector/yaml_detector.go:182.3,182.21 1 0
ebpf-edr-demo/pkg/detector/yaml_detector.go:182.21,184.4 1 0
ebpf-edr-demo/pkg/detector/yaml_detector.go:186.2,186.14 1 0
ebpf-edr-demo/pkg/detector/yaml_detector.go:189.64,191.28 1 0
ebpf-edr-demo/pkg/detector/yaml_detector.go:191.28,193.3 1 0
ebpf-edr-demo/pkg/detector/yaml_detector.go:194.2,195.14 2 0
ebpf-edr-demo/pkg/detector/yaml_detector.go:204.72,205.23 1 0
ebpf-edr-demo/pkg/detector/yaml_detector.go:205.23,206.42 1 0
ebpf-edr-demo/pkg/detector/yaml_detector.go:206.42,208.4 1 0
ebpf-edr-demo/pkg/detector/yaml_detector.go:210.2,211.16 2 0
ebpf-edr-demo/pkg/detector/yaml_detector.go:211.16,213.3 1 0
ebpf-edr-demo/pkg/detector/yaml_detector.go:214.2,214.64 1 0
ebpf-edr-demo/pkg/detector/yaml_detector.go:234.57,236.33 2 0
ebpf-edr-demo/pkg/detector/yaml_detector.go:236.33,237.43 1 0
ebpf-edr-demo/pkg/detector/yaml_detector.go:237.43,239.4 1 0
ebpf-edr-demo/pkg/detector/yaml_detector.go:240.3,241.10 2 0
ebpf-edr-demo/pkg/detector/yaml_detector.go:241.10,243.4 1 0
ebpf-edr-demo/pkg/detector/yaml_detector.go:244.3,244.44 1 0
ebpf-edr-demo/pkg/detector/yaml_detector.go:244.44,246.4 1 0
ebpf-edr-demo/pkg/detector/yaml_detector.go:248.3,248.51 1 0
ebpf-edr-demo/pkg/detector/yaml_detector.go:248.51,250.4 1 0
ebpf-edr-demo/pkg/detector/yaml_detector.go:251.3,251.43 1 0
ebpf-edr-demo/pkg/detector/yaml_detector.go:251.43,253.4 1 0
ebpf-edr-demo/pkg/detector/yaml_detector.go:254.3,254.19 1 0
ebpf-edr-demo/pkg/detector/yaml_detector.go:256.2,256.14 1 0
ebpf-edr-demo/pkg/detector/yaml_detector.go:261.66,262.52 1 0
ebpf-edr-demo/pkg/detector/yaml_detector.go:262.52,264.3 1 0
ebpf-edr-demo/pkg/detector/yaml_detector.go:265.2,265.42 1 0
ebpf-edr-demo/pkg/detector/yaml_detector.go:274.68,275.39 1 0
ebpf-edr-demo/pkg/detector/yaml_detector.go:275.39,277.3 1 0
ebpf-edr-demo/pkg/detector/yaml_detector.go:278.2,278.41 1 0
ebpf-edr-demo/pkg/detector/yaml_detector.go:278.41,279.37 1 0
ebpf-edr-demo/pkg/detector/yaml_detector.go:279.37,281.4 1 0
ebpf-edr-demo/pkg/detector/yaml_detector.go:283.2,283.13 1 0
ebpf-edr-demo/pkg/detector/yaml_detector.go:289.58,290.40 1 0
ebpf-edr-demo/pkg/detector/yaml_detector.go:290.40,292.3 1 0
ebpf-edr-demo/pkg/detector/yaml_detector.go:293.2,293.102 1 0
ebpf-edr-demo/pkg/detector/yaml_detector.go:300.75,306.17 4 0
ebpf-edr-demo/pkg/detector/yaml_detector.go:307.33,309.25 2 0
ebpf-edr-demo/pkg/detector/yaml_detector.go:310.30,313.68 3 0
ebpf-edr-demo/pkg/detector/yaml_detector.go:314.29,316.21 2 0
ebpf-edr-demo/pkg/detector/yaml_detector.go:317.10,318.15 1 0
ebpf-edr-demo/pkg/detector/yaml_detector.go:321.2,324.46 2 0
ebpf-edr-demo/pkg/detector/yaml_detector.go:324.46,326.28 1 0
ebpf-edr-demo/pkg/detector/yaml_detector.go:326.28,328.35 2 0
ebpf-edr-demo/pkg/detector/yaml_detector.go:328.35,329.22 1 0
ebpf-edr-demo/pkg/detector/yaml_detector.go:329.22,331.11 2 0
ebpf-edr-demo/pkg/detector/yaml_detector.go:334.4,334.16 1 0
ebpf-edr-demo/pkg/detector/yaml_detector.go:334.16,335.13 1 0
ebpf-edr-demo/pkg/detector/yaml_detector.go:340.3,340.29 1 0
ebpf-edr-demo/pkg/detector/yaml_detector.go:340.29,341.28 1 0
ebpf-edr-demo/pkg/detector/yaml_detector.go:342.16,344.18 1 0
ebpf-edr-demo/pkg/detector/yaml_detector.go:344.18,345.14 1 0
ebpf-edr-demo/pkg/detector/yaml_detector.go:347.26,353.40 1 0
ebpf-edr-demo/pkg/detector/yaml_detector.go:353.40,354.14 1 0
ebpf-edr-demo/pkg/detector/yaml_detector.go:358.5,358.33 1 0
ebpf-edr-demo/pkg/detector/yaml_detector.go:358.33,359.14 1 0
ebpf-edr-demo/pkg/detector/yaml_detector.go:361.12,362.13 1 0
ebpf-edr-demo/pkg/detector/yaml_detector.go:368.3,368.32 1 0
ebpf-edr-demo/pkg/detector/yaml_detector.go:368.32,371.4 1 0
ebpf-edr-demo/pkg/detector/yaml_detector.go:375.3,375.43 1 0
ebpf-edr-demo/pkg/detector/yaml_detector.go:375.43,377.4 1 0
ebpf-edr-demo/pkg/detector/yaml_detector.go:380.3,380.21 1 0
ebpf-edr-demo/pkg/detector/yaml_detector.go:380.21,382.12 1 0
ebpf-edr-demo/pkg/detector/yaml_detector.go:386.3,387.42 2 0
ebpf-edr-demo/pkg/detector/yaml_detector.go:387.42,389.38 1 0
ebpf-edr-demo/pkg/detector/yaml_detector.go:389.38,391.59 1 0
ebpf-edr-demo/pkg/detector/yaml_detector.go:391.59,393.11 2 0
ebpf-edr-demo/pkg/detector/yaml_detector.go:395.10,397.44 1 0
ebpf-edr-demo/pkg/detector/yaml_detector.go:397.44,399.11 2 0
ebpf-edr-demo/pkg/detector/yaml_detector.go:404.3,404.19 1 0
ebpf-edr-demo/pkg/detector/yaml_detector.go:404.19,405.12 1 0
ebpf-edr-demo/pkg/detector/yaml_detector.go:409.3,409.14 1 0
ebpf-edr-demo/pkg/detector/yaml_detector.go:412.2,412.14 1 0
ebpf-edr-demo/pkg/detector/yaml_detector.go:417.113,421.21 2 0
ebpf-edr-demo/pkg/detector/yaml_detector.go:421.21,423.3 1 0
ebpf-edr-demo/pkg/detector/yaml_detector.go:426.2,427.36 2 0
ebpf-edr-demo/pkg/detector/yaml_detector.go:427.36,428.38 1 0
ebpf-edr-demo/pkg/detector/yaml_detector.go:428.38,430.4 1 0
ebpf-edr-demo/pkg/detector/yaml_detector.go:433.2,433.27 1 0
ebpf-edr-demo/pkg/detector/yaml_detector.go:433.27,435.3 1 0
ebpf-edr-demo/pkg/detector/yaml_detector.go:437.2,437.40 1 0
ebpf-edr-demo/pkg/detector/yaml_detector.go:437.40,446.36 1 0
ebpf-edr-demo/pkg/detector/yaml_detector.go:446.36,449.4 1 0
ebpf-edr-demo/pkg/detector/yaml_detector.go:453.3,453.64 1 0
ebpf-edr-demo/pkg/detector/yaml_detector.go:453.64,454.60 1 0
ebpf-edr-demo/pkg/detector/yaml_detector.go:454.60,456.5 1 0
ebpf-edr-demo/pkg/detector/yaml_detector.go:458.3,459.64 2 0
ebpf-edr-demo/pkg/detector/yaml_detector.go:459.64,460.17 1 0
ebpf-edr-demo/pkg/detector/yaml_detector.go:460.17,462.5 1 0
ebpf-edr-demo/pkg/detector/yaml_detector.go:470.3,470.146 1 0
ebpf-edr-demo/pkg/detector/yaml_detector.go:474.2,476.69 2 0
ebpf-edr-demo/pkg/detector/yaml_detector.go:476.69,478.3 1 0
ebpf-edr-demo/pkg/detector/yaml_detector.go:480.2,480.67 1 0
ebpf-edr-demo/pkg/detector/yaml_detector.go:480.67,482.3 1 0
ebpf-edr-demo/pkg/detector/yaml_detector.go:484.2,484.74 1 0
ebpf-edr-demo/pkg/detector/yaml_detector.go:484.74,486.3 1 0
ebpf-edr-demo/pkg/detector/yaml_detector.go:488.2,488.12 1 0
ebpf-edr-demo/pkg/detector/yaml_detector.go:493.107,498.21 3 0
ebpf-edr-demo/pkg/detector/yaml_detector.go:498.21,500.3 1 0
ebpf-edr-demo/pkg/detector/yaml_detector.go:502.2,504.38 3 0
ebpf-edr-demo/pkg/detector/yaml_detector.go:504.38,505.29 1 0
ebpf-edr-demo/pkg/detector/yaml_detector.go:505.29,507.4 1 0
ebpf-edr-demo/pkg/detector/yaml_detector.go:511.2,511.27 1 0
ebpf-edr-demo/pkg/detector/yaml_detector.go:511.27,513.3 1 0
ebpf-edr-demo/pkg/detector/yaml_detector.go:517.2,532.25 2 0
ebpf-edr-demo/pkg/detector/yaml_detector.go:532.25,534.42 2 0
ebpf-edr-demo/pkg/detector/yaml_detector.go:534.42,535.79 1 0
ebpf-edr-demo/pkg/detector/yaml_detector.go:535.79,537.5 1 0
ebpf-edr-demo/pkg/detector/yaml_detector.go:543.2,543.51 1 0
ebpf-edr-demo/pkg/detector/yaml_detector.go:543.51,545.37 2 0
ebpf-edr-demo/pkg/detector/yaml_detector.go:545.37,546.43 1 0
ebpf-edr-demo/pkg/detector/yaml_detector.go:546.43,548.5 1 0
ebpf-edr-demo/pkg/detector/yaml_detector.go:554.2,554.51 1 0
ebpf-edr-demo/pkg/detector/yaml_detector.go:554.51,556.36 2 0
ebpf-edr-demo/pkg/detector/yaml_detector.go:556.36,557.41 1 0
ebpf-edr-demo/pkg/detector/yaml_detector.go:557.41,559.5 1 0
ebpf-edr-demo/pkg/detector/yaml_detector.go:565.2,565.51 1 0
ebpf-edr-demo/pkg/detector/yaml_detector.go:565.51,567.39 2 0
ebpf-edr-demo/pkg/detector/yaml_detector.go:567.39,568.43 1 0
ebpf-edr-demo/pkg/detector/yaml_detector.go:568.43,570.5 1 0
ebpf-edr-demo/pkg/detector/yaml_detector.go:576.2,576.51 1 0
ebpf-edr-demo/pkg/detector/yaml_detector.go:576.51,578.41 2 0
ebpf-edr-demo/pkg/detector/yaml_detector.go:578.41,579.43 1 0
ebpf-edr-demo/pkg/detector/yaml_detector.go:579.43,580.54 1 0
ebpf-edr-demo/pkg/detector/yaml_detector.go:580.54,581.14 1 0
ebpf-edr-demo/pkg/detector/yaml_detector.go:583.5,583.136 1 0
ebpf-edr-demo/pkg/detector/yaml_detector.go:590.2,590.51 1 0
ebpf-edr-demo/pkg/detector/yaml_detector.go:590.51,592.39 2 0
ebpf-edr-demo/pkg/detector/yaml_detector.go:592.39,593.43 1 0
ebpf-edr-demo/pkg/detector/yaml_detector.go:593.43,595.5 1 0
ebpf-edr-demo/pkg/detector/yaml_detector.go:604.2,604.64 1 0
ebpf-edr-demo/pkg/detector/yaml_detector.go:604.64,606.38 2 0
ebpf-edr-demo/pkg/detector/yaml_detector.go:606.38,607.43 1 0
ebpf-edr-demo/pkg/detector/yaml_detector.go:607.43,609.5 1 0
ebpf-edr-demo/pkg/detector/yaml_detector.go:615.2,615.25 1 0
ebpf-edr-demo/pkg/detector/yaml_detector.go:615.25,617.36 2 0
ebpf-edr-demo/pkg/detector/yaml_detector.go:617.36,618.43 1 0
ebpf-edr-demo/pkg/detector/yaml_detector.go:618.43,620.5 1 0
ebpf-edr-demo/pkg/detector/yaml_detector.go:626.2,626.25 1 0
ebpf-edr-demo/pkg/detector/yaml_detector.go:626.25,628.42 2 0
ebpf-edr-demo/pkg/detector/yaml_detector.go:628.42,629.43 1 0
ebpf-edr-demo/pkg/detector/yaml_detector.go:629.43,631.5 1 0
ebpf-edr-demo/pkg/detector/yaml_detector.go:635.2,635.12 1 0
ebpf-edr-demo/pkg/detector/yaml_detector.go:640.133,642.23 1 0
ebpf-edr-demo/pkg/detector/yaml_detector.go:642.23,644.3 1 0
ebpf-edr-demo/pkg/detector/yaml_detector.go:646.2,652.26 5 0
ebpf-edr-demo/pkg/detector/yaml_detector.go:652.26,654.3 1 0
ebpf-edr-demo/pkg/detector/yaml_detector.go:657.2,657.49 1 0
ebpf-edr-demo/pkg/detector/yaml_detector.go:657.49,658.16 1 0
ebpf-edr-demo/pkg/detector/yaml_detector.go:658.16,660.4 1 0
ebpf-edr-demo/pkg/detector/yaml_detector.go:664.2,664.58 1 0
ebpf-edr-demo/pkg/detector/yaml_detector.go:664.58,665.28 1 0
ebpf-edr-demo/pkg/detector/yaml_detector.go:665.28,667.4 1 0
ebpf-edr-demo/pkg/detector/yaml_detector.go:670.2,681.3 1 0
ebpf-edr-demo/pkg/detector/yaml_detector.go:686.147,692.2 1 0
ebpf-edr-demo/pkg/detector/yaml_detector.go:694.143,700.2 1 0
ebpf-edr-demo/internal/processor/processor.go:77.31,78.40 1 1
ebpf-edr-demo/internal/processor/processor.go:78.40,80.3 1 1
ebpf-edr-demo/internal/processor/processor.go:81.2,81.18 1 1
ebpf-edr-demo/internal/processor/processor.go:86.29,88.2 1 1
ebpf-edr-demo/internal/processor/processor.go:92.31,94.2 1 1
ebpf-edr-demo/internal/alert/alert.go:62.40,64.2 1 1
ebpf-edr-demo/internal/alert/alert.go:67.33,69.31 2 1
ebpf-edr-demo/internal/alert/alert.go:69.31,70.44 1 1
ebpf-edr-demo/internal/alert/alert.go:70.44,72.4 1 0
ebpf-edr-demo/internal/alert/alert.go:77.27,78.31 1 1
ebpf-edr-demo/internal/alert/alert.go:78.31,79.38 1 1
ebpf-edr-demo/internal/alert/alert.go:79.38,81.4 1 0
