mode: set
ebpf-edr-demo/pkg/workload/docker_resolver.go:27.40,30.12 2 0
ebpf-edr-demo/pkg/workload/docker_resolver.go:30.12,34.22 3 0
ebpf-edr-demo/pkg/workload/docker_resolver.go:34.22,36.4 1 0
ebpf-edr-demo/pkg/workload/docker_resolver.go:39.2,39.12 1 0
ebpf-edr-demo/pkg/workload/docker_resolver.go:42.74,47.8 4 1
ebpf-edr-demo/pkg/workload/docker_resolver.go:47.8,49.3 1 1
ebpf-edr-demo/pkg/workload/docker_resolver.go:51.2,62.3 2 1
ebpf-edr-demo/pkg/workload/docker_resolver.go:65.36,66.28 1 0
ebpf-edr-demo/pkg/workload/docker_resolver.go:66.28,68.3 1 0
ebpf-edr-demo/pkg/workload/docker_resolver.go:69.2,75.15 5 0
ebpf-edr-demo/pkg/workload/docker_resolver.go:78.64,82.19 3 0
ebpf-edr-demo/pkg/workload/docker_resolver.go:82.19,88.3 1 0
ebpf-edr-demo/pkg/workload/docker_resolver.go:90.2,93.16 3 0
ebpf-edr-demo/pkg/workload/docker_resolver.go:93.16,95.3 1 0
ebpf-edr-demo/pkg/workload/docker_resolver.go:97.2,97.33 1 0
ebpf-edr-demo/pkg/workload/docker_resolver.go:97.33,99.21 2 0
ebpf-edr-demo/pkg/workload/docker_resolver.go:99.21,100.12 1 0
ebpf-edr-demo/pkg/workload/docker_resolver.go:103.3,106.53 3 0
ebpf-edr-demo/pkg/workload/docker_resolver.go:106.53,107.12 1 0
ebpf-edr-demo/pkg/workload/docker_resolver.go:110.3,112.23 2 0
ebpf-edr-demo/pkg/workload/docker_resolver.go:112.23,113.12 1 0
ebpf-edr-demo/pkg/workload/docker_resolver.go:115.3,115.35 1 0
ebpf-edr-demo/pkg/workload/docker_resolver.go:115.35,116.12 1 0
ebpf-edr-demo/pkg/workload/docker_resolver.go:119.3,120.24 2 0
ebpf-edr-demo/pkg/workload/docker_resolver.go:120.24,121.12 1 0
ebpf-edr-demo/pkg/workload/docker_resolver.go:124.3,125.44 2 0
ebpf-edr-demo/pkg/workload/docker_resolver.go:125.44,127.4 1 0
ebpf-edr-demo/pkg/workload/docker_resolver.go:127.9,127.36 1 0
ebpf-edr-demo/pkg/workload/docker_resolver.go:127.36,129.4 1 0
ebpf-edr-demo/pkg/workload/docker_resolver.go:130.3,130.20 1 0
ebpf-edr-demo/pkg/workload/docker_resolver.go:130.20,131.12 1 0
ebpf-edr-demo/pkg/workload/docker_resolver.go:134.3,148.4 2 0
ebpf-edr-demo/pkg/workload/docker_resolver.go:151.2,151.10 1 0
ebpf-edr-demo/pkg/workload/docker_resolver.go:154.46,155.50 1 1
ebpf-edr-demo/pkg/workload/docker_resolver.go:155.50,157.3 1 1
ebpf-edr-demo/pkg/workload/docker_resolver.go:158.2,158.42 1 1
ebpf-edr-demo/pkg/workload/docker_resolver.go:161.33,165.50 3 0
ebpf-edr-demo/pkg/workload/docker_resolver.go:165.50,167.3 1 0
ebpf-edr-demo/pkg/workload/docker_resolver.go:169.2,169.25 1 0
ebpf-edr-demo/pkg/workload/docker_resolver.go:172.41,182.16 3 0
ebpf-edr-demo/pkg/workload/docker_resolver.go:182.16,184.3 1 0
ebpf-edr-demo/pkg/workload/docker_resolver.go:186.2,187.21 2 0
ebpf-edr-demo/pkg/workload/docker_resolver.go:187.21,189.23 2 0
ebpf-edr-demo/pkg/workload/docker_resolver.go:189.23,191.4 1 0
ebpf-edr-demo/pkg/workload/docker_resolver.go:194.2,194.10 1 0
ebpf-edr-demo/pkg/workload/docker_resolver.go:197.53,201.16 3 0
ebpf-edr-demo/pkg/workload/docker_resolver.go:201.16,203.3 1 0
ebpf-edr-demo/pkg/workload/docker_resolver.go:204.2,207.21 3 0
ebpf-edr-demo/pkg/workload/docker_resolver.go:207.21,210.41 2 0
ebpf-edr-demo/pkg/workload/docker_resolver.go:210.41,213.21 3 0
ebpf-edr-demo/pkg/workload/docker_resolver.go:213.21,215.5 1 0
ebpf-edr-demo/pkg/workload/docker_resolver.go:218.3,218.76 1 0
ebpf-edr-demo/pkg/workload/docker_resolver.go:218.76,221.19 3 0
ebpf-edr-demo/pkg/workload/docker_resolver.go:221.19,223.22 2 0
ebpf-edr-demo/pkg/workload/docker_resolver.go:223.22,225.6 1 0
ebpf-edr-demo/pkg/workload/docker_resolver.go:230.2,230.11 1 0
ebpf-edr-demo/pkg/workload/k8s_resolver.go:29.37,33.12 3 0
ebpf-edr-demo/pkg/workload/k8s_resolver.go:33.12,37.22 3 0
ebpf-edr-demo/pkg/workload/k8s_resolver.go:37.22,39.4 1 0
ebpf-edr-demo/pkg/workload/k8s_resolver.go:42.2,42.12 1 0
ebpf-edr-demo/pkg/workload/k8s_resolver.go:45.71,50.8 4 1
ebpf-edr-demo/pkg/workload/k8s_resolver.go:50.8,52.3 1 1
ebpf-edr-demo/pkg/workload/k8s_resolver.go:54.2,65.3 2 1
ebpf-edr-demo/pkg/workload/k8s_resolver.go:68.33,69.28 1 0
ebpf-edr-demo/pkg/workload/k8s_resolver.go:69.28,71.3 1 0
ebpf-edr-demo/pkg/workload/k8s_resolver.go:72.2,78.15 5 0
ebpf-edr-demo/pkg/workload/k8s_resolver.go:81.61,84.21 2 0
ebpf-edr-demo/pkg/workload/k8s_resolver.go:84.21,90.3 1 0
ebpf-edr-demo/pkg/workload/k8s_resolver.go:92.2,92.46 1 0
ebpf-edr-demo/pkg/workload/k8s_resolver.go:92.46,98.3 1 0
ebpf-edr-demo/pkg/workload/k8s_resolver.go:100.2,103.16 3 0
ebpf-edr-demo/pkg/workload/k8s_resolver.go:103.16,105.3 1 0
ebpf-edr-demo/pkg/workload/k8s_resolver.go:107.2,107.33 1 0
ebpf-edr-demo/pkg/workload/k8s_resolver.go:107.33,109.21 2 0
ebpf-edr-demo/pkg/workload/k8s_resolver.go:109.21,110.12 1 0
ebpf-edr-demo/pkg/workload/k8s_resolver.go:113.3,116.53 3 0
ebpf-edr-demo/pkg/workload/k8s_resolver.go:116.53,117.12 1 0
ebpf-edr-demo/pkg/workload/k8s_resolver.go:120.3,122.35 2 0
ebpf-edr-demo/pkg/workload/k8s_resolver.go:122.35,123.12 1 0
ebpf-edr-demo/pkg/workload/k8s_resolver.go:126.3,127.24 2 0
ebpf-edr-demo/pkg/workload/k8s_resolver.go:127.24,128.12 1 0
ebpf-edr-demo/pkg/workload/k8s_resolver.go:131.3,131.50 1 0
ebpf-edr-demo/pkg/workload/k8s_resolver.go:131.50,133.4 1 0
ebpf-edr-demo/pkg/workload/k8s_resolver.go:136.2,136.10 1 0
ebpf-edr-demo/pkg/workload/k8s_resolver.go:139.50,143.16 3 0
ebpf-edr-demo/pkg/workload/k8s_resolver.go:143.16,145.3 1 0
ebpf-edr-demo/pkg/workload/k8s_resolver.go:146.2,149.21 3 0
ebpf-edr-demo/pkg/workload/k8s_resolver.go:149.21,152.44 2 0
ebpf-edr-demo/pkg/workload/k8s_resolver.go:152.44,153.12 1 0
ebpf-edr-demo/pkg/workload/k8s_resolver.go:156.3,157.14 2 0
ebpf-edr-demo/pkg/workload/k8s_resolver.go:157.14,158.12 1 0
ebpf-edr-demo/pkg/workload/k8s_resolver.go:161.3,163.24 3 0
ebpf-edr-demo/pkg/workload/k8s_resolver.go:163.24,164.12 1 0
ebpf-edr-demo/pkg/workload/k8s_resolver.go:167.3,168.29 2 0
ebpf-edr-demo/pkg/workload/k8s_resolver.go:168.29,170.4 1 0
ebpf-edr-demo/pkg/workload/k8s_resolver.go:173.2,173.11 1 0
ebpf-edr-demo/pkg/workload/k8s_resolver.go:183.71,187.16 3 1
ebpf-edr-demo/pkg/workload/k8s_resolver.go:187.16,189.3 1 1
ebpf-edr-demo/pkg/workload/k8s_resolver.go:191.2,192.53 2 0
ebpf-edr-demo/pkg/workload/k8s_resolver.go:192.53,194.3 1 0
ebpf-edr-demo/pkg/workload/k8s_resolver.go:196.2,196.38 1 0
ebpf-edr-demo/pkg/workload/k8s_resolver.go:196.38,201.43 4 0
ebpf-edr-demo/pkg/workload/k8s_resolver.go:201.43,202.12 1 0
ebpf-edr-demo/pkg/workload/k8s_resolver.go:205.3,220.4 2 0
ebpf-edr-demo/pkg/workload/k8s_resolver.go:223.2,223.10 1 0
ebpf-edr-demo/pkg/workload/resolver.go:7.51,11.17 3 1
ebpf-edr-demo/pkg/workload/resolver.go:12.13,13.50 1 1
ebpf-edr-demo/pkg/workload/resolver.go:14.10,15.53 1 1
